// Jest Snapshot v1, https://goo.gl/fbAQLP

exports[`replaceBits nested bits home 1`] = `
"# Home

root table of contents

"
`;

exports[`replaceBits nested bits project-x 1`] = `
"# Project X

table of contents for project-x

"
`;
